2026-09-27 15:10:51.566 +08:00 [INF] Application starting
2026-09-27 15:10:52.536 +08:00 [INF] Excel file exists at C:\Project\GoldPriceDashboard\App_Data\GoldRates\GoldRates.xlsx.
2026-09-27 15:10:52.622 +08:00 [INF] Gold rate refresh started
2026-09-27 15:10:52.635 +08:00 [INF] Fetching Mustafa gold rates from https://mustafajewellery.com/
2026-09-27 15:10:52.719 +08:00 [INF] Fetching Malabar gold rates from https://www.malabargoldanddiamonds.com/ae/stores/singapore
2026-09-27 15:10:52.719 +08:00 [INF] Fetching GRT gold rates from https://www.grtjewels.com/asia/
2026-09-27 15:10:52.719 +08:00 [INF] Fetching Joyalukkas gold rates from https://www.joyalukkas.com/graphql
2026-09-27 15:10:52.989 +08:00 [INF] Mustafa 916 = 173.20, 999 = 188.10
2026-09-27 15:10:53.603 +08:00 [INF] Malabar 916 = 170.00, 999 = 186.50
2026-09-27 15:10:55.522 +08:00 [INF] Appended 1 records to Excel.
2026-09-27 15:10:55.608 +08:00 [INF] Appended 1 records to Excel.
2026-09-27 15:10:55.689 +08:00 [INF] Appended 1 records to Excel.
2026-09-27 15:10:55.739 +08:00 [INF] Appended 1 records to Excel.
2026-09-27 15:10:55.959 +08:00 [INF] Refresh completed. Mustafa 916=173.20, 999=188.10, Malabar 916=170.00, 999=186.50, GRT 916=170.00, 999=184.70, Joyalukkas 916=170, 999=185.6
2026-09-27 15:10:57.040 +08:00 [INF] Excel file exists at C:\Project\GoldPriceDashboard\App_Data\GoldRates\GoldRates.xlsx.
2026-09-27 15:11:08.504 +08:00 [INF] Excel file exists at C:\Project\GoldPriceDashboard\App_Data\GoldRates\GoldRates.xlsx.
2026-09-27 15:11:08.504 +08:00 [INF] Gold rate refresh started
2026-09-27 15:11:08.504 +08:00 [INF] Fetching Mustafa gold rates from https://mustafajewellery.com/
2026-09-27 15:11:08.504 +08:00 [INF] Fetching Malabar gold rates from https://www.malabargoldanddiamonds.com/ae/stores/singapore
2026-09-27 15:11:08.504 +08:00 [INF] Fetching GRT gold rates from https://www.grtjewels.com/asia/
2026-09-27 15:11:08.504 +08:00 [INF] Fetching Joyalukkas gold rates from https://www.joyalukkas.com/graphql
2026-09-27 15:11:08.586 +08:00 [INF] Mustafa 916 = 173.20, 999 = 188.10
2026-09-27 15:11:09.253 +08:00 [INF] Malabar 916 = 170.00, 999 = 186.50
2026-09-27 15:11:09.303 +08:00 [INF] Appended 1 records to Excel.
2026-09-27 15:11:09.353 +08:00 [INF] Appended 1 records to Excel.
2026-09-27 15:11:09.436 +08:00 [INF] Appended 1 records to Excel.
2026-09-27 15:11:09.488 +08:00 [INF] Appended 1 records to Excel.
2026-09-27 15:11:09.705 +08:00 [INF] Refresh completed. Mustafa 916=173.20, 999=188.10, Malabar 916=170.00, 999=186.50, GRT 916=170.00, 999=184.70, Joyalukkas 916=170, 999=185.6
2026-09-27 15:11:09.839 +08:00 [INF] Excel file exists at C:\Project\GoldPriceDashboard\App_Data\GoldRates\GoldRates.xlsx.
2026-09-27 15:11:09.839 +08:00 [INF] Gold rate refresh started
2026-09-27 15:11:09.839 +08:00 [INF] Fetching Mustafa gold rates from https://mustafajewellery.com/
2026-09-27 15:11:09.839 +08:00 [INF] Fetching Malabar gold rates from https://www.malabargoldanddiamonds.com/ae/stores/singapore
2026-09-27 15:11:09.839 +08:00 [INF] Fetching GRT gold rates from https://www.grtjewels.com/asia/
2026-09-27 15:11:09.839 +08:00 [INF] Fetching Joyalukkas gold rates from https://www.joyalukkas.com/graphql
2026-09-27 15:11:09.889 +08:00 [INF] Mustafa 916 = 173.20, 999 = 188.10
2026-09-27 15:11:10.222 +08:00 [INF] Malabar 916 = 170.00, 999 = 186.50
2026-09-27 15:11:10.272 +08:00 [INF] Appended 1 records to Excel.
2026-09-27 15:11:10.322 +08:00 [INF] Appended 1 records to Excel.
2026-09-27 15:11:10.425 +08:00 [INF] Appended 1 records to Excel.
2026-09-27 15:11:10.471 +08:00 [INF] Appended 1 records to Excel.
2026-09-27 15:11:10.704 +08:00 [INF] Refresh completed. Mustafa 916=173.20, 999=188.10, Malabar 916=170.00, 999=186.50, GRT 916=170.00, 999=184.70, Joyalukkas 916=170, 999=185.6
2026-09-27 15:11:10.710 +08:00 [INF] Excel file exists at C:\Project\GoldPriceDashboard\App_Data\GoldRates\GoldRates.xlsx.
2026-09-27 15:11:10.710 +08:00 [INF] Gold rate refresh started
2026-09-27 15:11:10.710 +08:00 [INF] Fetching Mustafa gold rates from https://mustafajewellery.com/
2026-09-27 15:11:10.710 +08:00 [INF] Fetching Malabar gold rates from https://www.malabargoldanddiamonds.com/ae/stores/singapore
2026-09-27 15:11:10.710 +08:00 [INF] Fetching GRT gold rates from https://www.grtjewels.com/asia/
2026-09-27 15:11:10.710 +08:00 [INF] Fetching Joyalukkas gold rates from https://www.joyalukkas.com/graphql
2026-09-27 15:11:10.756 +08:00 [INF] Mustafa 916 = 173.20, 999 = 188.10
2026-09-27 15:11:11.090 +08:00 [INF] Malabar 916 = 170.00, 999 = 186.50
2026-09-27 15:11:11.522 +08:00 [INF] Appended 1 records to Excel.
2026-09-27 15:11:11.572 +08:00 [INF] Appended 1 records to Excel.
2026-09-27 15:11:11.674 +08:00 [INF] Appended 1 records to Excel.
2026-09-27 15:11:11.738 +08:00 [INF] Appended 1 records to Excel.
2026-09-27 15:11:11.957 +08:00 [INF] Refresh completed. Mustafa 916=173.20, 999=188.10, Malabar 916=170.00, 999=186.50, GRT 916=170.00, 999=184.70, Joyalukkas 916=170, 999=185.6
2026-09-27 15:11:11.957 +08:00 [INF] Excel file exists at C:\Project\GoldPriceDashboard\App_Data\GoldRates\GoldRates.xlsx.
2026-09-27 15:11:11.970 +08:00 [INF] Gold rate refresh started
2026-09-27 15:11:11.970 +08:00 [INF] Fetching Mustafa gold rates from https://mustafajewellery.com/
2026-09-27 15:11:11.970 +08:00 [INF] Fetching Malabar gold rates from https://www.malabargoldanddiamonds.com/ae/stores/singapore
2026-09-27 15:11:11.970 +08:00 [INF] Fetching GRT gold rates from https://www.grtjewels.com/asia/
2026-09-27 15:11:11.970 +08:00 [INF] Fetching Joyalukkas gold rates from https://www.joyalukkas.com/graphql
2026-09-27 15:11:12.022 +08:00 [INF] Mustafa 916 = 173.20, 999 = 188.10
2026-09-27 15:11:12.308 +08:00 [INF] Malabar 916 = 170.00, 999 = 186.50
2026-09-27 15:11:12.358 +08:00 [INF] Appended 1 records to Excel.
2026-09-27 15:11:12.406 +08:00 [INF] Appended 1 records to Excel.
2026-09-27 15:11:12.506 +08:00 [INF] Appended 1 records to Excel.
2026-09-27 15:11:12.573 +08:00 [INF] Appended 1 records to Excel.
2026-09-27 15:11:12.842 +08:00 [INF] Refresh completed. Mustafa 916=173.20, 999=188.10, Malabar 916=170.00, 999=186.50, GRT 916=170.00, 999=184.70, Joyalukkas 916=170, 999=185.6
2026-09-27 15:11:12.842 +08:00 [INF] Excel file exists at C:\Project\GoldPriceDashboard\App_Data\GoldRates\GoldRates.xlsx.
2026-09-27 15:11:12.859 +08:00 [INF] Excel file exists at C:\Project\GoldPriceDashboard\App_Data\GoldRates\GoldRates.xlsx.
2026-09-27 15:14:37.935 +08:00 [INF] Application ending
2026-09-27 15:15:08.848 +08:00 [INF] Application starting
2026-09-27 15:15:09.949 +08:00 [INF] Excel file exists at C:\Project\GoldPriceDashboard\App_Data\GoldRates\GoldRates.xlsx.
2026-09-27 15:15:10.049 +08:00 [INF] Gold rate refresh started
2026-09-27 15:15:10.049 +08:00 [INF] Fetching Mustafa gold rates from https://mustafajewellery.com/
2026-09-27 15:15:10.118 +08:00 [INF] Fetching Malabar gold rates from https://www.malabargoldanddiamonds.com/ae/stores/singapore
2026-09-27 15:15:10.118 +08:00 [INF] Fetching GRT gold rates from https://www.grtjewels.com/asia/
2026-09-27 15:15:10.132 +08:00 [INF] Fetching Joyalukkas gold rates from https://www.joyalukkas.com/graphql
2026-09-27 15:15:10.450 +08:00 [INF] Mustafa 916 = 173.20, 999 = 188.10
2026-09-27 15:15:11.017 +08:00 [INF] Malabar 916 = 170.00, 999 = 186.50
2026-09-27 15:15:12.785 +08:00 [INF] Appended 1 records to Excel.
2026-09-27 15:15:12.835 +08:00 [INF] Appended 1 records to Excel.
2026-09-27 15:15:12.934 +08:00 [INF] Appended 1 records to Excel.
2026-09-27 15:15:12.985 +08:00 [INF] Appended 1 records to Excel.
2026-09-27 15:15:13.219 +08:00 [INF] Refresh completed. Mustafa 916=173.20, 999=188.10, Malabar 916=170.00, 999=186.50, GRT 916=170.00, 999=184.70, Joyalukkas 916=170, 999=185.6
2026-09-27 15:15:14.288 +08:00 [INF] Excel file exists at C:\Project\GoldPriceDashboard\App_Data\GoldRates\GoldRates.xlsx.
2026-09-27 15:15:19.228 +08:00 [INF] Excel file exists at C:\Project\GoldPriceDashboard\App_Data\GoldRates\GoldRates.xlsx.
2026-09-27 15:15:19.231 +08:00 [INF] Gold rate refresh started
2026-09-27 15:15:19.231 +08:00 [INF] Fetching Mustafa gold rates from https://mustafajewellery.com/
2026-09-27 15:15:19.231 +08:00 [INF] Fetching Malabar gold rates from https://www.malabargoldanddiamonds.com/ae/stores/singapore
2026-09-27 15:15:19.231 +08:00 [INF] Fetching GRT gold rates from https://www.grtjewels.com/asia/
2026-09-27 15:15:19.231 +08:00 [INF] Fetching Joyalukkas gold rates from https://www.joyalukkas.com/graphql
2026-09-27 15:15:19.324 +08:00 [INF] Mustafa 916 = 173.20, 999 = 188.10
2026-09-27 15:15:19.626 +08:00 [INF] Malabar 916 = 170.00, 999 = 186.50
2026-09-27 15:15:30.587 +08:00 [INF] Appended 1 records to Excel.
2026-09-27 15:15:30.653 +08:00 [INF] Appended 1 records to Excel.
2026-09-27 15:15:30.737 +08:00 [INF] Appended 1 records to Excel.
2026-09-27 15:15:30.805 +08:00 [INF] Appended 1 records to Excel.
2026-09-27 15:15:31.037 +08:00 [INF] Refresh completed. Mustafa 916=173.20, 999=188.10, Malabar 916=170.00, 999=186.50, GRT 916=170.00, 999=184.70, Joyalukkas 916=170, 999=185.6
2026-09-27 15:15:31.052 +08:00 [INF] Excel file exists at C:\Project\GoldPriceDashboard\App_Data\GoldRates\GoldRates.xlsx.
2026-09-27 15:15:31.055 +08:00 [INF] Gold rate refresh started
2026-09-27 15:15:31.055 +08:00 [INF] Fetching Mustafa gold rates from https://mustafajewellery.com/
2026-09-27 15:15:31.055 +08:00 [INF] Fetching Malabar gold rates from https://www.malabargoldanddiamonds.com/ae/stores/singapore
2026-09-27 15:15:31.055 +08:00 [INF] Fetching GRT gold rates from https://www.grtjewels.com/asia/
2026-09-27 15:15:31.055 +08:00 [INF] Fetching Joyalukkas gold rates from https://www.joyalukkas.com/graphql
2026-09-27 15:15:31.120 +08:00 [INF] Mustafa 916 = 173.20, 999 = 188.10
2026-09-27 15:15:31.771 +08:00 [INF] Malabar 916 = 170.00, 999 = 186.50
2026-09-27 15:15:32.906 +08:00 [INF] Appended 1 records to Excel.
2026-09-27 15:15:32.959 +08:00 [INF] Appended 1 records to Excel.
2026-09-27 15:15:33.056 +08:00 [INF] Appended 1 records to Excel.
2026-09-27 15:15:33.124 +08:00 [INF] Appended 1 records to Excel.
2026-09-27 15:15:33.356 +08:00 [INF] Refresh completed. Mustafa 916=173.20, 999=188.10, Malabar 916=170.00, 999=186.50, GRT 916=170.00, 999=184.70, Joyalukkas 916=170, 999=185.6
2026-09-27 15:15:33.473 +08:00 [INF] Excel file exists at C:\Project\GoldPriceDashboard\App_Data\GoldRates\GoldRates.xlsx.
2026-09-27 15:15:33.473 +08:00 [INF] Gold rate refresh started
2026-09-27 15:15:33.473 +08:00 [INF] Fetching Mustafa gold rates from https://mustafajewellery.com/
2026-09-27 15:15:33.473 +08:00 [INF] Fetching Malabar gold rates from https://www.malabargoldanddiamonds.com/ae/stores/singapore
2026-09-27 15:15:33.473 +08:00 [INF] Fetching GRT gold rates from https://www.grtjewels.com/asia/
2026-09-27 15:15:33.473 +08:00 [INF] Fetching Joyalukkas gold rates from https://www.joyalukkas.com/graphql
2026-09-27 15:15:33.540 +08:00 [INF] Mustafa 916 = 173.20, 999 = 188.10
2026-09-27 15:15:33.856 +08:00 [INF] Malabar 916 = 170.00, 999 = 186.50
2026-09-27 15:15:33.923 +08:00 [INF] Appended 1 records to Excel.
2026-09-27 15:15:33.976 +08:00 [INF] Appended 1 records to Excel.
2026-09-27 15:15:34.075 +08:00 [INF] Appended 1 records to Excel.
2026-09-27 15:15:34.140 +08:00 [INF] Appended 1 records to Excel.
2026-09-27 15:15:34.407 +08:00 [INF] Refresh completed. Mustafa 916=173.20, 999=188.10, Malabar 916=170.00, 999=186.50, GRT 916=170.00, 999=184.70, Joyalukkas 916=170, 999=185.6
2026-09-27 15:15:34.407 +08:00 [INF] Excel file exists at C:\Project\GoldPriceDashboard\App_Data\GoldRates\GoldRates.xlsx.
2026-09-27 15:15:34.407 +08:00 [INF] Gold rate refresh started
2026-09-27 15:15:34.407 +08:00 [INF] Fetching Mustafa gold rates from https://mustafajewellery.com/
2026-09-27 15:15:34.407 +08:00 [INF] Fetching Malabar gold rates from https://www.malabargoldanddiamonds.com/ae/stores/singapore
2026-09-27 15:15:34.407 +08:00 [INF] Fetching GRT gold rates from https://www.grtjewels.com/asia/
2026-09-27 15:15:34.407 +08:00 [INF] Fetching Joyalukkas gold rates from https://www.joyalukkas.com/graphql
2026-09-27 15:15:34.457 +08:00 [INF] Mustafa 916 = 173.20, 999 = 188.10
2026-09-27 15:15:34.774 +08:00 [INF] Malabar 916 = 170.00, 999 = 186.50
2026-09-27 15:15:38.144 +08:00 [INF] Appended 1 records to Excel.
2026-09-27 15:15:38.197 +08:00 [INF] Appended 1 records to Excel.
2026-09-27 15:15:38.298 +08:00 [INF] Appended 1 records to Excel.
2026-09-27 15:15:38.345 +08:00 [INF] Appended 1 records to Excel.
2026-09-27 15:15:38.577 +08:00 [INF] Refresh completed. Mustafa 916=173.20, 999=188.10, Malabar 916=170.00, 999=186.50, GRT 916=170.00, 999=184.70, Joyalukkas 916=170, 999=185.6
2026-09-27 15:15:38.580 +08:00 [INF] Excel file exists at C:\Project\GoldPriceDashboard\App_Data\GoldRates\GoldRates.xlsx.
2026-09-27 15:15:38.580 +08:00 [INF] Gold rate refresh started
2026-09-27 15:15:38.580 +08:00 [INF] Fetching Mustafa gold rates from https://mustafajewellery.com/
2026-09-27 15:15:38.580 +08:00 [INF] Fetching Malabar gold rates from https://www.malabargoldanddiamonds.com/ae/stores/singapore
2026-09-27 15:15:38.580 +08:00 [INF] Fetching GRT gold rates from https://www.grtjewels.com/asia/
2026-09-27 15:15:38.580 +08:00 [INF] Fetching Joyalukkas gold rates from https://www.joyalukkas.com/graphql
2026-09-27 15:15:38.630 +08:00 [INF] Mustafa 916 = 173.20, 999 = 188.10
2026-09-27 15:15:38.912 +08:00 [INF] Malabar 916 = 170.00, 999 = 186.50
2026-09-27 15:15:39.129 +08:00 [INF] Appended 1 records to Excel.
2026-09-27 15:15:39.179 +08:00 [INF] Appended 1 records to Excel.
2026-09-27 15:15:39.279 +08:00 [INF] Appended 1 records to Excel.
2026-09-27 15:15:39.329 +08:00 [INF] Appended 1 records to Excel.
2026-09-27 15:15:39.579 +08:00 [INF] Refresh completed. Mustafa 916=173.20, 999=188.10, Malabar 916=170.00, 999=186.50, GRT 916=170.00, 999=184.70, Joyalukkas 916=170, 999=185.6
2026-09-27 15:15:39.599 +08:00 [INF] Excel file exists at C:\Project\GoldPriceDashboard\App_Data\GoldRates\GoldRates.xlsx.
2026-09-27 15:15:39.611 +08:00 [INF] Excel file exists at C:\Project\GoldPriceDashboard\App_Data\GoldRates\GoldRates.xlsx.
2026-09-27 15:15:39.663 +08:00 [INF] Excel file exists at C:\Project\GoldPriceDashboard\App_Data\GoldRates\GoldRates.xlsx.
2026-09-27 15:15:39.829 +08:00 [INF] Gold rate refresh started
2026-09-27 15:15:39.829 +08:00 [INF] Fetching Mustafa gold rates from https://mustafajewellery.com/
2026-09-27 15:15:39.829 +08:00 [INF] Fetching Malabar gold rates from https://www.malabargoldanddiamonds.com/ae/stores/singapore
2026-09-27 15:15:39.829 +08:00 [INF] Fetching GRT gold rates from https://www.grtjewels.com/asia/
2026-09-27 15:15:39.829 +08:00 [INF] Fetching Joyalukkas gold rates from https://www.joyalukkas.com/graphql
2026-09-27 15:15:39.879 +08:00 [INF] Mustafa 916 = 173.20, 999 = 188.10
2026-09-27 15:15:40.180 +08:00 [INF] Malabar 916 = 170.00, 999 = 186.50
2026-09-27 15:15:40.964 +08:00 [INF] Appended 1 records to Excel.
2026-09-27 15:15:41.014 +08:00 [INF] Appended 1 records to Excel.
2026-09-27 15:15:41.114 +08:00 [INF] Appended 1 records to Excel.
2026-09-27 15:15:41.166 +08:00 [INF] Appended 1 records to Excel.
2026-09-27 15:15:41.398 +08:00 [INF] Refresh completed. Mustafa 916=173.20, 999=188.10, Malabar 916=170.00, 999=186.50, GRT 916=170.00, 999=184.70, Joyalukkas 916=170, 999=185.6
2026-09-27 15:15:59.342 +08:00 [INF] Excel file exists at C:\Project\GoldPriceDashboard\App_Data\GoldRates\GoldRates.xlsx.
2026-09-27 15:16:32.501 +08:00 [INF] Excel file exists at C:\Project\GoldPriceDashboard\App_Data\GoldRates\GoldRates.xlsx.
2026-09-27 15:16:33.875 +08:00 [INF] Excel file exists at C:\Project\GoldPriceDashboard\App_Data\GoldRates\GoldRates.xlsx.
2026-09-27 15:16:33.875 +08:00 [INF] Gold rate refresh started
2026-09-27 15:16:33.875 +08:00 [INF] Fetching Mustafa gold rates from https://mustafajewellery.com/
2026-09-27 15:16:33.875 +08:00 [INF] Fetching Malabar gold rates from https://www.malabargoldanddiamonds.com/ae/stores/singapore
2026-09-27 15:16:33.875 +08:00 [INF] Fetching GRT gold rates from https://www.grtjewels.com/asia/
2026-09-27 15:16:33.875 +08:00 [INF] Fetching Joyalukkas gold rates from https://www.joyalukkas.com/graphql
2026-09-27 15:16:33.952 +08:00 [INF] Mustafa 916 = 173.20, 999 = 188.10
2026-09-27 15:16:34.220 +08:00 [INF] Malabar 916 = 170.00, 999 = 186.50
2026-09-27 15:16:36.721 +08:00 [INF] Appended 1 records to Excel.
2026-09-27 15:16:36.771 +08:00 [INF] Appended 1 records to Excel.
2026-09-27 15:16:36.871 +08:00 [INF] Appended 1 records to Excel.
2026-09-27 15:16:36.921 +08:00 [INF] Appended 1 records to Excel.
2026-09-27 15:16:37.254 +08:00 [INF] Refresh completed. Mustafa 916=173.20, 999=188.10, Malabar 916=170.00, 999=186.50, GRT 916=170.00, 999=184.70, Joyalukkas 916=170, 999=185.6
2026-09-27 15:16:37.322 +08:00 [INF] Excel file exists at C:\Project\GoldPriceDashboard\App_Data\GoldRates\GoldRates.xlsx.
2026-09-27 15:23:13.977 +08:00 [INF] Application starting
2026-09-27 15:23:15.061 +08:00 [INF] Excel file exists at C:\Project\GoldPriceDashboard\App_Data\GoldRates\GoldRates.xlsx.
2026-09-27 15:23:15.145 +08:00 [INF] Gold rate refresh started
2026-09-27 15:23:15.145 +08:00 [INF] Fetching Mustafa gold rates from https://mustafajewellery.com/
2026-09-27 15:23:15.228 +08:00 [INF] Fetching Malabar gold rates from https://www.malabargoldanddiamonds.com/ae/stores/singapore
2026-09-27 15:23:15.228 +08:00 [INF] Fetching GRT gold rates from https://www.grtjewels.com/asia/
2026-09-27 15:23:15.228 +08:00 [INF] Fetching Joyalukkas gold rates from https://www.joyalukkas.com/graphql
2026-09-27 15:23:15.495 +08:00 [INF] Mustafa 916 = 173.20, 999 = 188.10
2026-09-27 15:23:16.112 +08:00 [INF] Malabar 916 = 170.00, 999 = 186.50
2026-09-27 15:23:17.831 +08:00 [INF] Appended 1 records to Excel.
2026-09-27 15:23:17.898 +08:00 [INF] Appended 1 records to Excel.
2026-09-27 15:23:17.998 +08:00 [INF] Appended 1 records to Excel.
2026-09-27 15:23:18.064 +08:00 [INF] Appended 1 records to Excel.
2026-09-27 15:23:18.348 +08:00 [INF] Refresh completed. Mustafa 916=173.20, 999=188.10, Malabar 916=170.00, 999=186.50, GRT 916=170.00, 999=184.70, Joyalukkas 916=170, 999=185.6
2026-09-27 15:23:19.425 +08:00 [INF] Excel file exists at C:\Project\GoldPriceDashboard\App_Data\GoldRates\GoldRates.xlsx.
2026-09-27 15:23:59.725 +08:00 [INF] Excel file exists at C:\Project\GoldPriceDashboard\App_Data\GoldRates\GoldRates.xlsx.
2026-09-27 15:23:59.725 +08:00 [INF] Gold rate refresh started
2026-09-27 15:23:59.725 +08:00 [INF] Fetching Mustafa gold rates from https://mustafajewellery.com/
2026-09-27 15:23:59.725 +08:00 [INF] Fetching Malabar gold rates from https://www.malabargoldanddiamonds.com/ae/stores/singapore
2026-09-27 15:23:59.725 +08:00 [INF] Fetching GRT gold rates from https://www.grtjewels.com/asia/
2026-09-27 15:23:59.725 +08:00 [INF] Fetching Joyalukkas gold rates from https://www.joyalukkas.com/graphql
2026-09-27 15:23:59.808 +08:00 [INF] Mustafa 916 = 173.20, 999 = 188.10
2026-09-27 15:24:00.111 +08:00 [INF] Malabar 916 = 170.00, 999 = 186.50
2026-09-27 15:24:00.309 +08:00 [INF] Appended 1 records to Excel.
2026-09-27 15:24:00.375 +08:00 [INF] Appended 1 records to Excel.
2026-09-27 15:24:00.475 +08:00 [INF] Appended 1 records to Excel.
2026-09-27 15:24:00.542 +08:00 [INF] Appended 1 records to Excel.
2026-09-27 15:24:00.826 +08:00 [INF] Refresh completed. Mustafa 916=173.20, 999=188.10, Malabar 916=170.00, 999=186.50, GRT 916=170.00, 999=184.70, Joyalukkas 916=170, 999=185.6
2026-09-27 15:24:00.941 +08:00 [INF] Excel file exists at C:\Project\GoldPriceDashboard\App_Data\GoldRates\GoldRates.xlsx.
2026-09-27 15:24:00.941 +08:00 [INF] Gold rate refresh started
2026-09-27 15:24:00.941 +08:00 [INF] Fetching Mustafa gold rates from https://mustafajewellery.com/
2026-09-27 15:24:00.941 +08:00 [INF] Fetching Malabar gold rates from https://www.malabargoldanddiamonds.com/ae/stores/singapore
2026-09-27 15:24:00.941 +08:00 [INF] Fetching GRT gold rates from https://www.grtjewels.com/asia/
2026-09-27 15:24:00.941 +08:00 [INF] Fetching Joyalukkas gold rates from https://www.joyalukkas.com/graphql
2026-09-27 15:24:00.995 +08:00 [INF] Mustafa 916 = 173.20, 999 = 188.10
2026-09-27 15:24:01.295 +08:00 [INF] Malabar 916 = 170.00, 999 = 186.50
2026-09-27 15:24:01.359 +08:00 [INF] Appended 1 records to Excel.
2026-09-27 15:24:01.432 +08:00 [INF] Appended 1 records to Excel.
2026-09-27 15:24:01.575 +08:00 [INF] Appended 1 records to Excel.
2026-09-27 15:24:01.626 +08:00 [INF] Appended 1 records to Excel.
2026-09-27 15:24:01.879 +08:00 [INF] Refresh completed. Mustafa 916=173.20, 999=188.10, Malabar 916=170.00, 999=186.50, GRT 916=170.00, 999=184.70, Joyalukkas 916=170, 999=185.6
2026-09-27 15:24:01.879 +08:00 [INF] Excel file exists at C:\Project\GoldPriceDashboard\App_Data\GoldRates\GoldRates.xlsx.
2026-09-27 15:24:01.879 +08:00 [INF] Gold rate refresh started
2026-09-27 15:24:01.879 +08:00 [INF] Fetching Mustafa gold rates from https://mustafajewellery.com/
2026-09-27 15:24:01.879 +08:00 [INF] Fetching Malabar gold rates from https://www.malabargoldanddiamonds.com/ae/stores/singapore
2026-09-27 15:24:01.879 +08:00 [INF] Fetching GRT gold rates from https://www.grtjewels.com/asia/
2026-09-27 15:24:01.879 +08:00 [INF] Fetching Joyalukkas gold rates from https://www.joyalukkas.com/graphql
2026-09-27 15:24:01.927 +08:00 [INF] Mustafa 916 = 173.20, 999 = 188.10
2026-09-27 15:24:02.611 +08:00 [INF] Malabar 916 = 170.00, 999 = 186.50
2026-09-27 15:24:02.661 +08:00 [INF] Appended 1 records to Excel.
2026-09-27 15:24:02.728 +08:00 [INF] Appended 1 records to Excel.
2026-09-27 15:24:02.828 +08:00 [INF] Appended 1 records to Excel.
2026-09-27 15:24:02.895 +08:00 [INF] Appended 1 records to Excel.
2026-09-27 15:24:03.153 +08:00 [INF] Refresh completed. Mustafa 916=173.20, 999=188.10, Malabar 916=170.00, 999=186.50, GRT 916=170.00, 999=184.70, Joyalukkas 916=170, 999=185.6
2026-09-27 15:24:03.158 +08:00 [INF] Excel file exists at C:\Project\GoldPriceDashboard\App_Data\GoldRates\GoldRates.xlsx.
2026-09-27 15:24:03.158 +08:00 [INF] Gold rate refresh started
2026-09-27 15:24:03.158 +08:00 [INF] Fetching Mustafa gold rates from https://mustafajewellery.com/
2026-09-27 15:24:03.158 +08:00 [INF] Fetching Malabar gold rates from https://www.malabargoldanddiamonds.com/ae/stores/singapore
2026-09-27 15:24:03.158 +08:00 [INF] Fetching GRT gold rates from https://www.grtjewels.com/asia/
2026-09-27 15:24:03.158 +08:00 [INF] Fetching Joyalukkas gold rates from https://www.joyalukkas.com/graphql
2026-09-27 15:24:03.210 +08:00 [INF] Mustafa 916 = 173.20, 999 = 188.10
2026-09-27 15:24:03.511 +08:00 [INF] Malabar 916 = 170.00, 999 = 186.50
2026-09-27 15:24:03.582 +08:00 [INF] Appended 1 records to Excel.
2026-09-27 15:24:03.628 +08:00 [INF] Appended 1 records to Excel.
2026-09-27 15:24:03.709 +08:00 [INF] Excel file exists at C:\Project\GoldPriceDashboard\App_Data\GoldRates\GoldRates.xlsx.
2026-09-27 15:24:03.744 +08:00 [INF] Appended 1 records to Excel.
2026-09-27 15:24:03.862 +08:00 [INF] Appended 1 records to Excel.
2026-09-27 15:24:04.112 +08:00 [INF] Refresh completed. Mustafa 916=173.20, 999=188.10, Malabar 916=170.00, 999=186.50, GRT 916=170.00, 999=184.70, Joyalukkas 916=170, 999=185.6
2026-09-27 15:24:04.123 +08:00 [INF] Excel file exists at C:\Project\GoldPriceDashboard\App_Data\GoldRates\GoldRates.xlsx.
2026-09-27 15:24:04.129 +08:00 [INF] Excel file exists at C:\Project\GoldPriceDashboard\App_Data\GoldRates\GoldRates.xlsx.
2026-09-27 15:24:04.191 +08:00 [INF] Excel file exists at C:\Project\GoldPriceDashboard\App_Data\GoldRates\GoldRates.xlsx.
2026-09-27 15:24:04.367 +08:00 [INF] Gold rate refresh started
2026-09-27 15:24:04.367 +08:00 [INF] Fetching Mustafa gold rates from https://mustafajewellery.com/
2026-09-27 15:24:04.367 +08:00 [INF] Fetching Malabar gold rates from https://www.malabargoldanddiamonds.com/ae/stores/singapore
2026-09-27 15:24:04.367 +08:00 [INF] Fetching GRT gold rates from https://www.grtjewels.com/asia/
2026-09-27 15:24:04.367 +08:00 [INF] Fetching Joyalukkas gold rates from https://www.joyalukkas.com/graphql
2026-09-27 15:24:04.429 +08:00 [INF] Mustafa 916 = 173.20, 999 = 188.10
2026-09-27 15:24:04.714 +08:00 [INF] Malabar 916 = 170.00, 999 = 186.50
2026-09-27 15:24:04.953 +08:00 [INF] Excel file exists at C:\Project\GoldPriceDashboard\App_Data\GoldRates\GoldRates.xlsx.
2026-09-27 15:24:05.398 +08:00 [INF] Appended 1 records to Excel.
2026-09-27 15:24:05.469 +08:00 [INF] Appended 1 records to Excel.
2026-09-27 15:24:05.564 +08:00 [INF] Appended 1 records to Excel.
2026-09-27 15:24:05.591 +08:00 [INF] Excel file exists at C:\Project\GoldPriceDashboard\App_Data\GoldRates\GoldRates.xlsx.
2026-09-27 15:24:05.638 +08:00 [INF] Appended 1 records to Excel.
2026-09-27 15:24:05.903 +08:00 [INF] Refresh completed. Mustafa 916=173.20, 999=188.10, Malabar 916=170.00, 999=186.50, GRT 916=170.00, 999=184.70, Joyalukkas 916=170, 999=185.6
2026-09-27 15:24:06.977 +08:00 [INF] Excel file exists at C:\Project\GoldPriceDashboard\App_Data\GoldRates\GoldRates.xlsx.
2026-09-27 15:25:17.410 +08:00 [INF] Excel file exists at C:\Project\GoldPriceDashboard\App_Data\GoldRates\GoldRates.xlsx.
2026-09-27 15:25:17.410 +08:00 [INF] Gold rate refresh started
2026-09-27 15:25:17.410 +08:00 [INF] Fetching Mustafa gold rates from https://mustafajewellery.com/
2026-09-27 15:25:17.410 +08:00 [INF] Fetching Malabar gold rates from https://www.malabargoldanddiamonds.com/ae/stores/singapore
2026-09-27 15:25:17.410 +08:00 [INF] Fetching GRT gold rates from https://www.grtjewels.com/asia/
2026-09-27 15:25:17.411 +08:00 [INF] Fetching Joyalukkas gold rates from https://www.joyalukkas.com/graphql
2026-09-27 15:25:17.488 +08:00 [INF] Mustafa 916 = 173.20, 999 = 188.10
2026-09-27 15:25:18.105 +08:00 [INF] Malabar 916 = 170.00, 999 = 186.50
2026-09-27 15:25:18.553 +08:00 [INF] Appended 1 records to Excel.
2026-09-27 15:25:18.606 +08:00 [INF] Appended 1 records to Excel.
2026-09-27 15:25:18.738 +08:00 [INF] Appended 1 records to Excel.
2026-09-27 15:25:18.808 +08:00 [INF] Appended 1 records to Excel.
2026-09-27 15:25:19.086 +08:00 [INF] Refresh completed. Mustafa 916=173.20, 999=188.10, Malabar 916=170.00, 999=186.50, GRT 916=170.00, 999=184.70, Joyalukkas 916=170, 999=185.6
2026-09-27 15:25:19.126 +08:00 [INF] Excel file exists at C:\Project\GoldPriceDashboard\App_Data\GoldRates\GoldRates.xlsx.
2026-09-27 15:25:28.503 +08:00 [INF] Excel file exists at C:\Project\GoldPriceDashboard\App_Data\GoldRates\GoldRates.xlsx.
2026-09-27 15:25:28.503 +08:00 [INF] Gold rate refresh started
2026-09-27 15:25:28.503 +08:00 [INF] Fetching Mustafa gold rates from https://mustafajewellery.com/
2026-09-27 15:25:28.505 +08:00 [INF] Fetching Malabar gold rates from https://www.malabargoldanddiamonds.com/ae/stores/singapore
2026-09-27 15:25:28.505 +08:00 [INF] Fetching GRT gold rates from https://www.grtjewels.com/asia/
2026-09-27 15:25:28.505 +08:00 [INF] Fetching Joyalukkas gold rates from https://www.joyalukkas.com/graphql
2026-09-27 15:25:28.581 +08:00 [INF] Mustafa 916 = 173.20, 999 = 188.10
2026-09-27 15:25:28.881 +08:00 [INF] Malabar 916 = 170.00, 999 = 186.50
2026-09-27 15:25:28.948 +08:00 [INF] Appended 1 records to Excel.
2026-09-27 15:25:29.013 +08:00 [INF] Appended 1 records to Excel.
2026-09-27 15:25:29.121 +08:00 [INF] Appended 1 records to Excel.
2026-09-27 15:25:29.188 +08:00 [INF] Appended 1 records to Excel.
2026-09-27 15:25:29.468 +08:00 [INF] Refresh completed. Mustafa 916=173.20, 999=188.10, Malabar 916=170.00, 999=186.50, GRT 916=170.00, 999=184.70, Joyalukkas 916=170, 999=185.6
2026-09-27 15:25:29.537 +08:00 [INF] Excel file exists at C:\Project\GoldPriceDashboard\App_Data\GoldRates\GoldRates.xlsx.
2026-09-27 15:26:37.435 +08:00 [INF] Application starting
2026-09-27 15:26:38.519 +08:00 [INF] Excel file exists at C:\Project\GoldPriceDashboard\App_Data\GoldRates\GoldRates.xlsx.
2026-09-27 15:26:38.604 +08:00 [INF] Gold rate refresh started
2026-09-27 15:26:38.604 +08:00 [INF] Fetching Mustafa gold rates from https://mustafajewellery.com/
2026-09-27 15:26:38.687 +08:00 [INF] Fetching Malabar gold rates from https://www.malabargoldanddiamonds.com/ae/stores/singapore
2026-09-27 15:26:38.687 +08:00 [INF] Fetching GRT gold rates from https://www.grtjewels.com/asia/
2026-09-27 15:26:38.687 +08:00 [INF] Fetching Joyalukkas gold rates from https://www.joyalukkas.com/graphql
2026-09-27 15:26:38.955 +08:00 [INF] Mustafa 916 = 173.20, 999 = 188.10
2026-09-27 15:26:39.521 +08:00 [INF] Malabar 916 = 170.00, 999 = 186.50
2026-09-27 15:26:41.223 +08:00 [INF] Appended 1 records to Excel.
2026-09-27 15:26:41.305 +08:00 [INF] Appended 1 records to Excel.
2026-09-27 15:26:41.424 +08:00 [INF] Appended 1 records to Excel.
2026-09-27 15:26:41.489 +08:00 [INF] Appended 1 records to Excel.
2026-09-27 15:26:41.824 +08:00 [INF] Refresh completed. Mustafa 916=173.20, 999=188.10, Malabar 916=170.00, 999=186.50, GRT 916=170.00, 999=184.70, Joyalukkas 916=170, 999=185.6
2026-09-27 15:26:42.884 +08:00 [INF] Excel file exists at C:\Project\GoldPriceDashboard\App_Data\GoldRates\GoldRates.xlsx.
2026-09-27 15:27:35.334 +08:00 [INF] Excel file exists at C:\Project\GoldPriceDashboard\App_Data\GoldRates\GoldRates.xlsx.
2026-09-27 15:27:35.334 +08:00 [INF] Gold rate refresh started
2026-09-27 15:27:35.334 +08:00 [INF] Fetching Mustafa gold rates from https://mustafajewellery.com/
2026-09-27 15:27:35.334 +08:00 [INF] Fetching Malabar gold rates from https://www.malabargoldanddiamonds.com/ae/stores/singapore
2026-09-27 15:27:35.334 +08:00 [INF] Fetching GRT gold rates from https://www.grtjewels.com/asia/
2026-09-27 15:27:35.334 +08:00 [INF] Fetching Joyalukkas gold rates from https://www.joyalukkas.com/graphql
2026-09-27 15:27:35.421 +08:00 [INF] Mustafa 916 = 173.20, 999 = 188.10
2026-09-27 15:27:36.048 +08:00 [INF] Malabar 916 = 170.00, 999 = 186.50
2026-09-27 15:27:36.116 +08:00 [INF] Appended 1 records to Excel.
2026-09-27 15:27:36.194 +08:00 [INF] Appended 1 records to Excel.
2026-09-27 15:27:36.348 +08:00 [INF] Appended 1 records to Excel.
2026-09-27 15:27:36.415 +08:00 [INF] Appended 1 records to Excel.
2026-09-27 15:27:36.695 +08:00 [INF] Refresh completed. Mustafa 916=173.20, 999=188.10, Malabar 916=170.00, 999=186.50, GRT 916=170.00, 999=184.70, Joyalukkas 916=170, 999=185.6
2026-09-27 15:27:36.701 +08:00 [INF] Excel file exists at C:\Project\GoldPriceDashboard\App_Data\GoldRates\GoldRates.xlsx.
2026-09-27 15:27:36.701 +08:00 [INF] Gold rate refresh started
2026-09-27 15:27:36.701 +08:00 [INF] Fetching Mustafa gold rates from https://mustafajewellery.com/
2026-09-27 15:27:36.701 +08:00 [INF] Fetching Malabar gold rates from https://www.malabargoldanddiamonds.com/ae/stores/singapore
2026-09-27 15:27:36.701 +08:00 [INF] Fetching GRT gold rates from https://www.grtjewels.com/asia/
2026-09-27 15:27:36.701 +08:00 [INF] Fetching Joyalukkas gold rates from https://www.joyalukkas.com/graphql
2026-09-27 15:27:36.765 +08:00 [INF] Mustafa 916 = 173.20, 999 = 188.10
2026-09-27 15:27:37.071 +08:00 [INF] Malabar 916 = 170.00, 999 = 186.50
2026-09-27 15:27:37.131 +08:00 [INF] Appended 1 records to Excel.
2026-09-27 15:27:37.196 +08:00 [INF] Appended 1 records to Excel.
2026-09-27 15:27:37.321 +08:00 [INF] Appended 1 records to Excel.
2026-09-27 15:27:37.388 +08:00 [INF] Appended 1 records to Excel.
2026-09-27 15:27:37.683 +08:00 [INF] Refresh completed. Mustafa 916=173.20, 999=188.10, Malabar 916=170.00, 999=186.50, GRT 916=170.00, 999=184.70, Joyalukkas 916=170, 999=185.6
2026-09-27 15:27:37.792 +08:00 [INF] Excel file exists at C:\Project\GoldPriceDashboard\App_Data\GoldRates\GoldRates.xlsx.
2026-09-27 15:27:37.793 +08:00 [INF] Gold rate refresh started
2026-09-27 15:27:37.793 +08:00 [INF] Fetching Mustafa gold rates from https://mustafajewellery.com/
2026-09-27 15:27:37.793 +08:00 [INF] Fetching Malabar gold rates from https://www.malabargoldanddiamonds.com/ae/stores/singapore
2026-09-27 15:27:37.793 +08:00 [INF] Fetching GRT gold rates from https://www.grtjewels.com/asia/
2026-09-27 15:27:37.793 +08:00 [INF] Fetching Joyalukkas gold rates from https://www.joyalukkas.com/graphql
2026-09-27 15:27:37.849 +08:00 [INF] Mustafa 916 = 173.20, 999 = 188.10
2026-09-27 15:27:38.161 +08:00 [INF] Malabar 916 = 170.00, 999 = 186.50
2026-09-27 15:27:38.234 +08:00 [INF] Appended 1 records to Excel.
2026-09-27 15:27:38.302 +08:00 [INF] Appended 1 records to Excel.
2026-09-27 15:27:38.453 +08:00 [INF] Appended 1 records to Excel.
2026-09-27 15:27:38.514 +08:00 [INF] Appended 1 records to Excel.
2026-09-27 15:27:38.800 +08:00 [INF] Refresh completed. Mustafa 916=173.20, 999=188.10, Malabar 916=170.00, 999=186.50, GRT 916=170.00, 999=184.70, Joyalukkas 916=170, 999=185.6
2026-09-27 15:27:38.817 +08:00 [INF] Excel file exists at C:\Project\GoldPriceDashboard\App_Data\GoldRates\GoldRates.xlsx.
2026-09-27 15:27:38.817 +08:00 [INF] Gold rate refresh started
2026-09-27 15:27:38.817 +08:00 [INF] Fetching Mustafa gold rates from https://mustafajewellery.com/
2026-09-27 15:27:38.817 +08:00 [INF] Fetching Malabar gold rates from https://www.malabargoldanddiamonds.com/ae/stores/singapore
2026-09-27 15:27:38.817 +08:00 [INF] Fetching GRT gold rates from https://www.grtjewels.com/asia/
2026-09-27 15:27:38.817 +08:00 [INF] Fetching Joyalukkas gold rates from https://www.joyalukkas.com/graphql
2026-09-27 15:27:38.884 +08:00 [INF] Mustafa 916 = 173.20, 999 = 188.10
2026-09-27 15:27:39.166 +08:00 [INF] Malabar 916 = 170.00, 999 = 186.50
2026-09-27 15:27:39.264 +08:00 [INF] Appended 1 records to Excel.
2026-09-27 15:27:39.331 +08:00 [INF] Appended 1 records to Excel.
2026-09-27 15:27:39.452 +08:00 [INF] Appended 1 records to Excel.
2026-09-27 15:27:39.516 +08:00 [INF] Appended 1 records to Excel.
2026-09-27 15:27:39.814 +08:00 [INF] Refresh completed. Mustafa 916=173.20, 999=188.10, Malabar 916=170.00, 999=186.50, GRT 916=170.00, 999=184.70, Joyalukkas 916=170, 999=185.6
2026-09-27 15:27:39.819 +08:00 [INF] Excel file exists at C:\Project\GoldPriceDashboard\App_Data\GoldRates\GoldRates.xlsx.
2026-09-27 15:27:39.819 +08:00 [INF] Gold rate refresh started
2026-09-27 15:27:39.819 +08:00 [INF] Fetching Mustafa gold rates from https://mustafajewellery.com/
2026-09-27 15:27:39.819 +08:00 [INF] Fetching Malabar gold rates from https://www.malabargoldanddiamonds.com/ae/stores/singapore
2026-09-27 15:27:39.819 +08:00 [INF] Fetching GRT gold rates from https://www.grtjewels.com/asia/
2026-09-27 15:27:39.819 +08:00 [INF] Fetching Joyalukkas gold rates from https://www.joyalukkas.com/graphql
2026-09-27 15:27:39.883 +08:00 [INF] Mustafa 916 = 173.20, 999 = 188.10
2026-09-27 15:27:40.182 +08:00 [INF] Malabar 916 = 170.00, 999 = 186.50
2026-09-27 15:27:40.249 +08:00 [INF] Appended 1 records to Excel.
2026-09-27 15:27:40.316 +08:00 [INF] Appended 1 records to Excel.
2026-09-27 15:27:40.445 +08:00 [INF] Appended 1 records to Excel.
2026-09-27 15:27:40.532 +08:00 [INF] Appended 1 records to Excel.
2026-09-27 15:27:40.858 +08:00 [INF] Refresh completed. Mustafa 916=173.20, 999=188.10, Malabar 916=170.00, 999=186.50, GRT 916=170.00, 999=184.70, Joyalukkas 916=170, 999=185.6
2026-09-27 15:27:40.858 +08:00 [INF] Excel file exists at C:\Project\GoldPriceDashboard\App_Data\GoldRates\GoldRates.xlsx.
2026-09-27 15:27:40.894 +08:00 [INF] Excel file exists at C:\Project\GoldPriceDashboard\App_Data\GoldRates\GoldRates.xlsx.
2026-09-27 15:27:40.919 +08:00 [INF] Gold rate refresh started
2026-09-27 15:27:40.919 +08:00 [INF] Fetching Mustafa gold rates from https://mustafajewellery.com/
2026-09-27 15:27:40.919 +08:00 [INF] Fetching Malabar gold rates from https://www.malabargoldanddiamonds.com/ae/stores/singapore
2026-09-27 15:27:40.919 +08:00 [INF] Fetching GRT gold rates from https://www.grtjewels.com/asia/
2026-09-27 15:27:40.919 +08:00 [INF] Fetching Joyalukkas gold rates from https://www.joyalukkas.com/graphql
2026-09-27 15:27:41.003 +08:00 [INF] Mustafa 916 = 173.20, 999 = 188.10
2026-09-27 15:27:41.267 +08:00 [INF] Malabar 916 = 170.00, 999 = 186.50
2026-09-27 15:27:41.337 +08:00 [INF] Appended 1 records to Excel.
2026-09-27 15:27:41.417 +08:00 [INF] Appended 1 records to Excel.
2026-09-27 15:27:41.534 +08:00 [INF] Appended 1 records to Excel.
2026-09-27 15:27:41.619 +08:00 [INF] Appended 1 records to Excel.
2026-09-27 15:27:41.917 +08:00 [INF] Refresh completed. Mustafa 916=173.20, 999=188.10, Malabar 916=170.00, 999=186.50, GRT 916=170.00, 999=184.70, Joyalukkas 916=170, 999=185.6
2026-09-27 15:27:42.086 +08:00 [INF] Excel file exists at C:\Project\GoldPriceDashboard\App_Data\GoldRates\GoldRates.xlsx.
2026-09-27 15:34:11.683 +08:00 [INF] Excel file exists at C:\Project\GoldPriceDashboard\App_Data\GoldRates\GoldRates.xlsx.
2026-09-27 15:34:11.684 +08:00 [INF] Gold rate refresh started
2026-09-27 15:34:11.684 +08:00 [INF] Fetching Mustafa gold rates from https://mustafajewellery.com/
2026-09-27 15:34:11.684 +08:00 [INF] Fetching Malabar gold rates from https://www.malabargoldanddiamonds.com/ae/stores/singapore
2026-09-27 15:34:11.684 +08:00 [INF] Fetching GRT gold rates from https://www.grtjewels.com/asia/
2026-09-27 15:34:11.684 +08:00 [INF] Fetching Joyalukkas gold rates from https://www.joyalukkas.com/graphql
2026-09-27 15:34:11.780 +08:00 [INF] Mustafa 916 = 173.20, 999 = 188.10
2026-09-27 15:34:12.396 +08:00 [INF] Malabar 916 = 170.00, 999 = 186.50
2026-09-27 15:34:15.061 +08:00 [INF] Appended 1 records to Excel.
2026-09-27 15:34:15.123 +08:00 [INF] Appended 1 records to Excel.
2026-09-27 15:34:15.269 +08:00 [INF] Appended 1 records to Excel.
2026-09-27 15:34:15.338 +08:00 [INF] Appended 1 records to Excel.
2026-09-27 15:34:15.628 +08:00 [INF] Refresh completed. Mustafa 916=173.20, 999=188.10, Malabar 916=170.00, 999=186.50, GRT 916=170.00, 999=184.70, Joyalukkas 916=170, 999=185.6
2026-09-27 15:34:15.703 +08:00 [INF] Excel file exists at C:\Project\GoldPriceDashboard\App_Data\GoldRates\GoldRates.xlsx.
2026-09-27 16:19:33.413 +08:00 [INF] Excel file exists at C:\Project\GoldPriceDashboard\App_Data\GoldRates\GoldRates.xlsx.
2026-09-27 16:19:33.414 +08:00 [INF] Gold rate refresh started
2026-09-27 16:19:33.414 +08:00 [INF] Fetching Mustafa gold rates from https://mustafajewellery.com/
2026-09-27 16:19:33.415 +08:00 [INF] Fetching Malabar gold rates from https://www.malabargoldanddiamonds.com/ae/stores/singapore
2026-09-27 16:19:33.415 +08:00 [INF] Fetching GRT gold rates from https://www.grtjewels.com/asia/
2026-09-27 16:19:33.415 +08:00 [INF] Fetching Joyalukkas gold rates from https://www.joyalukkas.com/graphql
2026-09-27 16:19:33.523 +08:00 [INF] Mustafa 916 = 173.20, 999 = 188.10
2026-09-27 16:19:34.144 +08:00 [INF] Malabar 916 = 170.00, 999 = 186.50
2026-09-27 16:19:34.283 +08:00 [INF] Appended 1 records to Excel.
2026-09-27 16:19:34.410 +08:00 [INF] Appended 1 records to Excel.
2026-09-27 16:19:34.725 +08:00 [INF] Appended 1 records to Excel.
2026-09-27 16:19:34.951 +08:00 [INF] Appended 1 records to Excel.
2026-09-27 16:19:35.819 +08:00 [INF] Refresh completed. Mustafa 916=173.20, 999=188.10, Malabar 916=170.00, 999=186.50, GRT 916=170.00, 999=184.70, Joyalukkas 916=170, 999=185.6
2026-09-27 16:19:35.982 +08:00 [INF] Excel file exists at C:\Project\GoldPriceDashboard\App_Data\GoldRates\GoldRates.xlsx.
